// Jest Snapshot v1, https://goo.gl/fbAQLP

exports[`Pruebas sobre el AppRouter debe mostrar el login si no estoy autenticado 1`] = `
<div>
  <div>
    <div
      className="container mt-5"
    >
      <h1>
        Login Screen
      </h1>
      <hr />
      <button
        className="btn btn-primary"
        onClick={[Function]}
      >
        Login
      </button>
    </div>
  </div>
</div>
`;
